
ITIN 1 rides 
WALK    -2  -2     0     0 00:01:00 00:01:00 +0.0 ;walk;walk;Stop 2a1;Stop 2a1
BUS     2   0     0     3 00:01:00 00:02:00 +0.0 ;bus;short;;Stop 2a1;Stop 2a2
WALK    -2  -2     3     3 00:02:00 00:02:00 +0.0 ;walk;walk;Stop 2a2;Stop 2a2
