
ITIN 3 rides 
WAIT    -2  -2     0     0 00:01:00 00:01:00 +0.0 ;;walk;walk;;Stop 1a1;Stop 1a1;
BUS     0   0     0     1 00:01:00 00:02:00 +0.0 ;Multimodale Reisinformatie;bus;;;Stop 1a1;Stop 1a2;
WALK    -2  -2     1     2 00:02:00 00:02:00 +0.0 ;;walk;walk;;Stop 1a2;Stop 1a3;
FERRY     1   0     2     3 00:03:00 00:04:00 +0.0 ;Multimodale Reisinformatie;ferry;;;Stop 1a3;Stop 1a4;
WALK    -2  -2     3     4 00:04:00 00:04:00 +0.0 ;;walk;walk;;Stop 1a4;Stop 1a5;
RAIL     2   0     4     5 00:05:00 00:06:00 +0.0 ;Multimodale Reisinformatie;train;;;Stop 1a5;Stop 1a6;
WAIT    -2  -2     5     5 00:06:00 00:06:00 +0.0 ;;walk;walk;;Stop 1a6;Stop 1a6;
