
ITIN 1 rides 
WALK    -2  -2     0     3 00:01:20 00:02:00 +0.0 ;walk;walk;Stop 2c1;Stop 2c4
BUS     0   0     3     4 00:02:00 00:06:00 +0.0 ;bus;bus;;Stop 2c4;Stop 2c5
WALK    -2  -2     4     2 00:06:00 00:06:40 +0.0 ;walk;walk;Stop 2c5;Stop 2c3
