
ITIN 1 rides 
WALK    -2  -2     0     0 00:01:00 00:01:00 +0.0 ;walk;walk;Stop 3f1;Stop 3f1
RAIL     1   0     0     2 00:01:00 00:04:00 +0.0 ;Intercity 2;;Stop 3f1;Stop 3f3
WALK    -2  -2     2     2 00:04:00 00:04:00 +0.0 ;walk;walk;Stop 3f3;Stop 3f3
