
ITIN 2 rides 
WAIT    -2  -2     0     0 00:01:00 00:01:00 +0.0 ;;walk;walk;;Stop 2a3;Stop 2a3;
BUS     0   0     0     1 00:01:00 00:02:00 +0.0 ;Multimodale Reisinformatie;bus 1;;;Stop 2a3;Stop 2a4;
WALK    -2  -2     1     2 00:02:00 00:05:20 +0.0 ;;walk;walk;;Stop 2a4;Stop 2a5;
BUS     1   2     2     3 00:08:00 00:09:00 +0.0 ;Multimodale Reisinformatie;bus 2;;;Stop 2a5;Stop 2a6;
WAIT    -2  -2     3     3 00:09:00 00:09:00 +0.0 ;;walk;walk;;Stop 2a6;Stop 2a6;
