
ITIN 2 rides 
WAIT    -2  -2     0     0 00:01:00 00:01:00 +0.0 ;walk;walk;Stop 2e11;Stop 2e11;
RAIL     0   0     0     2 00:01:00 00:02:00 +0.0 ;train 1;;Stop 2e11;Stop 2e13;
WAIT    -2  -2     2     2 00:02:00 00:02:00 +0.0 ;walk;walk;Stop 2e13;Stop 2e13;
RAIL     1   0     2     5 00:03:00 00:05:00 +0.0 ;train 2;;Stop 2e13;Stop 2e16;
WAIT    -2  -2     5     5 00:05:00 00:05:00 +0.0 ;walk;walk;Stop 2e16;Stop 2e16;
