
ITIN 1 rides 
WAIT    -2  -2     0     0 00:03:00 00:03:00 +0.0 ;;walk;walk;;Stop 1g1;Stop 1g1;
BUS     0   1     0     1 00:03:00 00:04:00 +0.0 ;Multimodale Reisinformatie;bus;;;Stop 1g1;Stop 1g2;
WAIT    -2  -2     1     1 00:04:00 00:04:00 +0.0 ;;walk;walk;;Stop 1g2;Stop 1g2;
