
ITIN 2 rides 
WAIT    -2  -2     0     0 00:01:00 00:01:00 +0.0 ;;walk;walk;;Stop 2e21;Stop 2e21;
RAIL     0   0     0     3 00:01:00 00:03:00 +0.0 ;Multimodale Reisinformatie;;;;Stop 2e21;Stop 2e24;
WAIT    -2  -2     3     3 00:03:00 00:03:00 +0.0 ;;walk;walk;;Stop 2e24;Stop 2e24;
RAIL     1   0     3     5 00:04:00 00:05:00 +0.0 ;Multimodale Reisinformatie;;;;Stop 2e24;Stop 2e26;
WAIT    -2  -2     5     5 00:05:00 00:05:00 +0.0 ;;walk;walk;;Stop 2e26;Stop 2e26;
